./logs/other/tests/basic-basic-dt10-repeats-longlines.log┋19991231T160001.000000000┋2000-01-01 00:00:01 1
⇳
./logs/other/tests/basic-basic-dt10-repeats-longlines.log┋19991231T160002.000000000┋2000-01-01 00:00:02 11
⇳
./logs/other/tests/basic-basic-dt10-repeats-longlines.log┋19991231T160002.000000000┋2000-01-01 00:00:02 22
⇳
./logs/other/tests/basic-basic-dt10-repeats-longlines.log┋19991231T160003.000000000┋2000-01-01 00:00:03 111
⇳
./logs/other/tests/basic-basic-dt10-repeats-longlines.log┋19991231T160003.000000000┋2000-01-01 00:00:03 222
⇳
./logs/other/tests/basic-basic-dt10-repeats-longlines.log┋19991231T160003.000000000┋2000-01-01 00:00:03 333
⇳
./logs/other/tests/basic-basic-dt10-repeats-longlines.log┋19991231T160004.000000000┋2000-01-01 00:00:04 1111
⇳
./logs/other/tests/basic-basic-dt10-repeats-longlines.log┋19991231T160004.000000000┋2000-01-01 00:00:04 2222
⇳
./logs/other/tests/basic-basic-dt10-repeats-longlines.log┋19991231T160004.000000000┋2000-01-01 00:00:04 3333
⇳
./logs/other/tests/basic-basic-dt10-repeats-longlines.log┋19991231T160004.000000000┋2000-01-01 00:00:04 4444
⇳
./logs/other/tests/basic-basic-dt10-repeats-longlines.log┋19991231T160005.000000000┋2000-01-01 00:00:05 11111
⇳
./logs/other/tests/basic-basic-dt10-repeats-longlines.log┋19991231T160005.000000000┋2000-01-01 00:00:05 22222
⇳
./logs/other/tests/basic-basic-dt10-repeats-longlines.log┋19991231T160005.000000000┋2000-01-01 00:00:05 33333
⇳
./logs/other/tests/basic-basic-dt10-repeats-longlines.log┋19991231T160005.000000000┋2000-01-01 00:00:05 44444
⇳
./logs/other/tests/basic-basic-dt10-repeats-longlines.log┋19991231T160005.000000000┋2000-01-01 00:00:05 55555
⇳
./logs/other/tests/basic-basic-dt10-repeats-longlines.log┋19991231T160006.000000000┋2000-01-01 00:00:06 111111
⇳
./logs/other/tests/basic-basic-dt10-repeats-longlines.log┋19991231T160006.000000000┋2000-01-01 00:00:06 222222
⇳
./logs/other/tests/basic-basic-dt10-repeats-longlines.log┋19991231T160006.000000000┋2000-01-01 00:00:06 333333
⇳
./logs/other/tests/basic-basic-dt10-repeats-longlines.log┋19991231T160006.000000000┋2000-01-01 00:00:06 444444
⇳
./logs/other/tests/basic-basic-dt10-repeats-longlines.log┋19991231T160006.000000000┋2000-01-01 00:00:06 555555
⇳
./logs/other/tests/basic-basic-dt10-repeats-longlines.log┋19991231T160006.000000000┋2000-01-01 00:00:06 666666
⇳
./logs/other/tests/basic-basic-dt10-repeats-longlines.log┋19991231T160007.000000000┋2000-01-01 00:00:07 1111111
⇳
./logs/other/tests/basic-basic-dt10-repeats-longlines.log┋19991231T160007.000000000┋2000-01-01 00:00:07 2222222
⇳
./logs/other/tests/basic-basic-dt10-repeats-longlines.log┋19991231T160007.000000000┋2000-01-01 00:00:07 3333333
⇳
./logs/other/tests/basic-basic-dt10-repeats-longlines.log┋19991231T160007.000000000┋2000-01-01 00:00:07 4444444
⇳
./logs/other/tests/basic-basic-dt10-repeats-longlines.log┋19991231T160007.000000000┋2000-01-01 00:00:07 5555555
⇳
./logs/other/tests/basic-basic-dt10-repeats-longlines.log┋19991231T160007.000000000┋2000-01-01 00:00:07 6666666
⇳
./logs/other/tests/basic-basic-dt10-repeats-longlines.log┋19991231T160007.000000000┋2000-01-01 00:00:07 7777777
⇳
./logs/other/tests/basic-basic-dt10-repeats-longlines.log┋19991231T160008.000000000┋2000-01-01 00:00:08 11111111
⇳
./logs/other/tests/basic-basic-dt10-repeats-longlines.log┋19991231T160008.000000000┋2000-01-01 00:00:08 22222222
⇳
./logs/other/tests/basic-basic-dt10-repeats-longlines.log┋19991231T160008.000000000┋2000-01-01 00:00:08 33333333
⇳
./logs/other/tests/basic-basic-dt10-repeats-longlines.log┋19991231T160008.000000000┋2000-01-01 00:00:08 44444444
⇳
./logs/other/tests/basic-basic-dt10-repeats-longlines.log┋19991231T160008.000000000┋2000-01-01 00:00:08 55555555
⇳
./logs/other/tests/basic-basic-dt10-repeats-longlines.log┋19991231T160008.000000000┋2000-01-01 00:00:08 66666666
⇳
./logs/other/tests/basic-basic-dt10-repeats-longlines.log┋19991231T160008.000000000┋2000-01-01 00:00:08 77777777
⇳
./logs/other/tests/basic-basic-dt10-repeats-longlines.log┋19991231T160008.000000000┋2000-01-01 00:00:08 88888888
⇳
./logs/other/tests/basic-basic-dt10-repeats-longlines.log┋19991231T160009.000000000┋2000-01-01 00:00:09 111111111
⇳
./logs/other/tests/basic-basic-dt10-repeats-longlines.log┋19991231T160009.000000000┋2000-01-01 00:00:09 222222222
⇳
./logs/other/tests/basic-basic-dt10-repeats-longlines.log┋19991231T160009.000000000┋2000-01-01 00:00:09 333333333
⇳
./logs/other/tests/basic-basic-dt10-repeats-longlines.log┋19991231T160009.000000000┋2000-01-01 00:00:09 444444444
⇳
./logs/other/tests/basic-basic-dt10-repeats-longlines.log┋19991231T160009.000000000┋2000-01-01 00:00:09 555555555
⇳
./logs/other/tests/basic-basic-dt10-repeats-longlines.log┋19991231T160009.000000000┋2000-01-01 00:00:09 666666666
⇳
./logs/other/tests/basic-basic-dt10-repeats-longlines.log┋19991231T160009.000000000┋2000-01-01 00:00:09 777777777
⇳
./logs/other/tests/basic-basic-dt10-repeats-longlines.log┋19991231T160009.000000000┋2000-01-01 00:00:09 888888888
⇳
./logs/other/tests/basic-basic-dt10-repeats-longlines.log┋19991231T160009.000000000┋2000-01-01 00:00:09 999999999
⇳
./logs/other/tests/basic-basic-dt10-repeats-longlines.log┋19991231T160010.000000000┋2000-01-01 00:00:10 1111111111
⇳
./logs/other/tests/basic-basic-dt10-repeats-longlines.log┋19991231T160010.000000000┋2000-01-01 00:00:10 2222222222
⇳
./logs/other/tests/basic-basic-dt10-repeats-longlines.log┋19991231T160010.000000000┋2000-01-01 00:00:10 3333333333
⇳
./logs/other/tests/basic-basic-dt10-repeats-longlines.log┋19991231T160010.000000000┋2000-01-01 00:00:10 4444444444
⇳
./logs/other/tests/basic-basic-dt10-repeats-longlines.log┋19991231T160010.000000000┋2000-01-01 00:00:10 5555555555
⇳
./logs/other/tests/basic-basic-dt10-repeats-longlines.log┋19991231T160010.000000000┋2000-01-01 00:00:10 6666666666
⇳
./logs/other/tests/basic-basic-dt10-repeats-longlines.log┋19991231T160010.000000000┋2000-01-01 00:00:10 7777777777
⇳
./logs/other/tests/basic-basic-dt10-repeats-longlines.log┋19991231T160010.000000000┋2000-01-01 00:00:10 8888888888
⇳
./logs/other/tests/basic-basic-dt10-repeats-longlines.log┋19991231T160010.000000000┋2000-01-01 00:00:10 9999999999
⇳
./logs/other/tests/basic-basic-dt10-repeats-longlines.log┋19991231T160010.000000000┋2000-01-01 00:00:10 1010101010⇳

