./logs/other/tests/basic-dt-u.log┋20191231T160000.000000000┋2020-01-01 00:00:00
./logs/other/tests/basic-dt-u.log┋20191231T160000.000000000┋
⇳
./logs/other/tests/basic-dt-u.log┋20191231T160001.000000000┋2020-01-01 00:00:01a
./logs/other/tests/basic-dt-u.log┋20191231T160001.000000000┋A
⇳
./logs/other/tests/basic-dt-u.log┋20191231T160002.000000000┋2020-01-01 00:00:02ab
./logs/other/tests/basic-dt-u.log┋20191231T160002.000000000┋AB
⇳
./logs/other/tests/basic-dt-u.log┋20191231T160003.000000000┋2020-01-01 00:00:03abc
./logs/other/tests/basic-dt-u.log┋20191231T160003.000000000┋ABC
⇳
./logs/other/tests/basic-dt-u.log┋20191231T160004.000000000┋2020-01-01 00:00:04abcd
./logs/other/tests/basic-dt-u.log┋20191231T160004.000000000┋ABCD
⇳
./logs/other/tests/basic-dt-u.log┋20191231T160005.000000000┋2020-01-01 00:00:05abcde
./logs/other/tests/basic-dt-u.log┋20191231T160005.000000000┋ABCDE
⇳
./logs/other/tests/basic-dt-u.log┋20191231T160006.000000000┋2020-01-01 00:00:06abcdef
./logs/other/tests/basic-dt-u.log┋20191231T160006.000000000┋ABCDEF
⇳
./logs/other/tests/basic-dt-u.log┋20191231T160007.000000000┋2020-01-01 00:00:07abcdefg
./logs/other/tests/basic-dt-u.log┋20191231T160007.000000000┋ABCDEFG
⇳
./logs/other/tests/basic-dt-u.log┋20191231T160008.000000000┋2020-01-01 00:00:08abcdefgh
./logs/other/tests/basic-dt-u.log┋20191231T160008.000000000┋ABCDEFGH
⇳
./logs/other/tests/basic-dt-u.log┋20191231T160009.000000000┋2020-01-01 00:00:09abcdefghi
./logs/other/tests/basic-dt-u.log┋20191231T160009.000000000┋ABCDEFGHI
⇳
./logs/other/tests/basic-dt-u.log┋20191231T160010.000000000┋2020-01-01 00:00:10abcdefghij
./logs/other/tests/basic-dt-u.log┋20191231T160010.000000000┋ABCDEFGHIJ
⇳
./logs/other/tests/basic-dt-u.log┋20191231T160011.000000000┋2020-01-01 00:00:11abcdefghijk
./logs/other/tests/basic-dt-u.log┋20191231T160011.000000000┋ABCDEFGHIJK
⇳
./logs/other/tests/basic-dt-u.log┋20191231T160012.000000000┋2020-01-01 00:00:12abcdefghijkl
./logs/other/tests/basic-dt-u.log┋20191231T160012.000000000┋ABCDEFGHIJKL
⇳
./logs/other/tests/basic-dt-u.log┋20191231T160013.000000000┋2020-01-01 00:00:13abcdefghijklm
./logs/other/tests/basic-dt-u.log┋20191231T160013.000000000┋ABCDEFGHIJKLM
⇳
./logs/other/tests/basic-dt-u.log┋20191231T160014.000000000┋2020-01-01 00:00:14abcdefghijklmn
./logs/other/tests/basic-dt-u.log┋20191231T160014.000000000┋ABCDEFGHIJKLMN
⇳
./logs/other/tests/basic-dt-u.log┋20191231T160015.000000000┋2020-01-01 00:00:15abcdefghijklmno
./logs/other/tests/basic-dt-u.log┋20191231T160015.000000000┋ABCDEFGHIJKLMNO
⇳
./logs/other/tests/basic-dt-u.log┋20191231T160016.000000000┋2020-01-01 00:00:16abcdefghijklmnop
./logs/other/tests/basic-dt-u.log┋20191231T160016.000000000┋ABCDEFGHIJKLMNOP
⇳
./logs/other/tests/basic-dt-u.log┋20191231T160017.000000000┋2020-01-01 00:00:17abcdefghijklmnopq
./logs/other/tests/basic-dt-u.log┋20191231T160017.000000000┋ABCDEFGHIJKLMNOPQ
⇳
./logs/other/tests/basic-dt-u.log┋20191231T160018.000000000┋2020-01-01 00:00:18abcdefghijklmnopqr
./logs/other/tests/basic-dt-u.log┋20191231T160018.000000000┋ABCDEFGHIJKLMNOPQR
⇳
./logs/other/tests/basic-dt-u.log┋20191231T160019.000000000┋2020-01-01 00:00:19abcdefghijklmnopqrs
./logs/other/tests/basic-dt-u.log┋20191231T160019.000000000┋ABCDEFGHIJKLMNOPQRS
⇳
./logs/other/tests/basic-dt-u.log┋20191231T160020.000000000┋2020-01-01 00:00:20abcdefghijklmnopqrst
./logs/other/tests/basic-dt-u.log┋20191231T160020.000000000┋ABCDEFGHIJKLMNOPQRST
⇳
./logs/other/tests/basic-dt-u.log┋20191231T160021.000000000┋2020-01-01 00:00:21abcdefghijklmnopqrstu
./logs/other/tests/basic-dt-u.log┋20191231T160021.000000000┋ABCDEFGHIJKLMNOPQRSTU
⇳
./logs/other/tests/basic-dt-u.log┋20191231T160022.000000000┋2020-01-01 00:00:22abcdefghijklmnopqrstuv
./logs/other/tests/basic-dt-u.log┋20191231T160022.000000000┋ABCDEFGHIJKLMNOPQRSTUV
⇳
./logs/other/tests/basic-dt-u.log┋20191231T160023.000000000┋2020-01-01 00:00:23abcdefghijklmnopqrstuvw
./logs/other/tests/basic-dt-u.log┋20191231T160023.000000000┋ABCDEFGHIJKLMNOPQRSTUVW
⇳
./logs/other/tests/basic-dt-u.log┋20191231T160024.000000000┋2020-01-01 00:00:24abcdefghijklmnopqrstuvwx
./logs/other/tests/basic-dt-u.log┋20191231T160024.000000000┋ABCDEFGHIJKLMNOPQRSTUVWX
⇳
./logs/other/tests/basic-dt-u.log┋20191231T160025.000000000┋2020-01-01 00:00:25abcdefghijklmnopqrstuvwxy
./logs/other/tests/basic-dt-u.log┋20191231T160025.000000000┋ABCDEFGHIJKLMNOPQRSTUVWXY
⇳
./logs/other/tests/basic-dt-u.log┋20191231T160026.000000000┋2020-01-01 00:00:26abcdefghijklmnopqrstuvwxyz
./logs/other/tests/basic-dt-u.log┋20191231T160026.000000000┋ABCDEFGHIJKLMNOPQRSTUVWXYZ⇳

