./logs/other/tests/basic-basic-dt20.log┋19991231T160001.000000000┋2000-01-01 00:00:01
⇳
./logs/other/tests/basic-basic-dt20.log┋19991231T160002.000000000┋2000-01-01 00:00:02
⇳
./logs/other/tests/basic-basic-dt20.log┋19991231T160003.000000000┋2000-01-01 00:00:03
⇳
./logs/other/tests/basic-basic-dt20.log┋19991231T160004.000000000┋2000-01-01 00:00:04
⇳
./logs/other/tests/basic-basic-dt20.log┋19991231T160005.000000000┋2000-01-01 00:00:05
⇳
./logs/other/tests/basic-basic-dt20.log┋19991231T160006.000000000┋2000-01-01 00:00:06
⇳
./logs/other/tests/basic-basic-dt20.log┋19991231T160007.000000000┋2000-01-01 00:00:07
⇳
./logs/other/tests/basic-basic-dt20.log┋19991231T160008.000000000┋2000-01-01 00:00:08
⇳
./logs/other/tests/basic-basic-dt20.log┋19991231T160009.000000000┋2000-01-01 00:00:09
⇳
./logs/other/tests/basic-basic-dt20.log┋19991231T160010.000000000┋2000-01-01 00:00:10
⇳
./logs/other/tests/basic-basic-dt20.log┋19991231T160011.000000000┋2000-01-01 00:00:11
⇳
./logs/other/tests/basic-basic-dt20.log┋19991231T160012.000000000┋2000-01-01 00:00:12
⇳
./logs/other/tests/basic-basic-dt20.log┋19991231T160013.000000000┋2000-01-01 00:00:13
⇳
./logs/other/tests/basic-basic-dt20.log┋19991231T160014.000000000┋2000-01-01 00:00:14
⇳
./logs/other/tests/basic-basic-dt20.log┋19991231T160015.000000000┋2000-01-01 00:00:15
⇳
./logs/other/tests/basic-basic-dt20.log┋19991231T160016.000000000┋2000-01-01 00:00:16
⇳
./logs/other/tests/basic-basic-dt20.log┋19991231T160017.000000000┋2000-01-01 00:00:17
⇳
./logs/other/tests/basic-basic-dt20.log┋19991231T160018.000000000┋2000-01-01 00:00:18
⇳
./logs/other/tests/basic-basic-dt20.log┋19991231T160019.000000000┋2000-01-01 00:00:19
⇳
./logs/other/tests/basic-basic-dt20.log┋19991231T160020.000000000┋2000-01-01 00:00:20⇳

