./logs/other/tests/basic-dt2b.log┋19991231T160000.000000000┋2000-01-01 00:00:00
./logs/other/tests/basic-dt2b.log┋19991231T160000.000000000┋
⇳
./logs/other/tests/basic-dt2b.log┋19991231T160001.000000000┋2000-01-01 00:00:01a
./logs/other/tests/basic-dt2b.log┋19991231T160001.000000000┋a⇳

