./logs/other/tests/basic-dt1.log┋19991231T160000.000000000┋2000-01-01 00:00:00
⇳
