./logs/other/tests/basic-dt27.log┋19991231T160000.000000000┋2000-01-01 00:00:00
⇳
./logs/other/tests/basic-dt27.log┋19991231T160001.000000000┋2000-01-01 00:00:01a
⇳
./logs/other/tests/basic-dt27.log┋19991231T160002.000000000┋2000-01-01 00:00:02ab
⇳
./logs/other/tests/basic-dt27.log┋19991231T160003.000000000┋2000-01-01 00:00:03abc
⇳
./logs/other/tests/basic-dt27.log┋19991231T160004.000000000┋2000-01-01 00:00:04abcd
⇳
./logs/other/tests/basic-dt27.log┋19991231T160005.000000000┋2000-01-01 00:00:05abcde
⇳
./logs/other/tests/basic-dt27.log┋19991231T160006.000000000┋2000-01-01 00:00:06abcdef
⇳
./logs/other/tests/basic-dt27.log┋19991231T160007.000000000┋2000-01-01 00:00:07abcdefg
⇳
./logs/other/tests/basic-dt27.log┋19991231T160008.000000000┋2000-01-01 00:00:08abcdefgh
⇳
./logs/other/tests/basic-dt27.log┋19991231T160009.000000000┋2000-01-01 00:00:09abcdefghi
⇳
./logs/other/tests/basic-dt27.log┋19991231T160010.000000000┋2000-01-01 00:00:10abcdefghij
⇳
./logs/other/tests/basic-dt27.log┋19991231T160011.000000000┋2000-01-01 00:00:11abcdefghijk
⇳
./logs/other/tests/basic-dt27.log┋19991231T160012.000000000┋2000-01-01 00:00:12abcdefghijkl
⇳
./logs/other/tests/basic-dt27.log┋19991231T160013.000000000┋2000-01-01 00:00:13abcdefghijklm
⇳
./logs/other/tests/basic-dt27.log┋19991231T160014.000000000┋2000-01-01 00:00:14abcdefghijklmn
⇳
./logs/other/tests/basic-dt27.log┋19991231T160015.000000000┋2000-01-01 00:00:15abcdefghijklmno
⇳
./logs/other/tests/basic-dt27.log┋19991231T160016.000000000┋2000-01-01 00:00:16abcdefghijklmnop
⇳
./logs/other/tests/basic-dt27.log┋19991231T160017.000000000┋2000-01-01 00:00:17abcdefghijklmnopq
⇳
./logs/other/tests/basic-dt27.log┋19991231T160018.000000000┋2000-01-01 00:00:18abcdefghijklmnopqr
⇳
./logs/other/tests/basic-dt27.log┋19991231T160019.000000000┋2000-01-01 00:00:19abcdefghijklmnopqrs
⇳
./logs/other/tests/basic-dt27.log┋19991231T160020.000000000┋2000-01-01 00:00:20abcdefghijklmnopqrst
⇳
./logs/other/tests/basic-dt27.log┋19991231T160021.000000000┋2000-01-01 00:00:21abcdefghijklmnopqrstu
⇳
./logs/other/tests/basic-dt27.log┋19991231T160022.000000000┋2000-01-01 00:00:22abcdefghijklmnopqrstuv
⇳
./logs/other/tests/basic-dt27.log┋19991231T160023.000000000┋2000-01-01 00:00:23abcdefghijklmnopqrstuvw
⇳
./logs/other/tests/basic-dt27.log┋19991231T160024.000000000┋2000-01-01 00:00:24abcdefghijklmnopqrstuvwx
⇳
./logs/other/tests/basic-dt27.log┋19991231T160025.000000000┋2000-01-01 00:00:25abcdefghijklmnopqrstuvwxy
⇳
./logs/other/tests/basic-dt27.log┋19991231T160026.000000000┋2000-01-01 00:00:26abcdefghijklmnopqrstuvwxyz⇳

