./logs/other/tests/dt-mix1.log┋20191231T160001.000000000┋2020-01-01 00:00:01 a
⇳
./logs/other/tests/dt-mix1.log┋20191231T160002.000000000┋2020-01-01 00:00:02 -0700 b
⇳
./logs/other/tests/dt-mix1.log┋20191231T160003.000000000┋2020-01-01 00:00:03 -0700 c
⇳
./logs/other/tests/dt-mix1.log┋20191231T160004.000000000┋2020-01-01T00:00:04 d
⇳
./logs/other/tests/dt-mix1.log┋20191231T160005.000000000┋2020-01-01T00:00:05 -0700 e
⇳
./logs/other/tests/dt-mix1.log┋20191231T160006.000000000┋20200101T000006 -0700 f
⇳
./logs/other/tests/dt-mix1.log┋20191231T160007.000000000┋20200101T000007 g
⇳
./logs/other/tests/dt-mix1.log┋20191231T160008.000000000┋20200101T000008 h
⇳
./logs/other/tests/dt-mix1.log┋20191231T160009.000000000┋20200101T000009 i
⇳
./logs/other/tests/dt-mix1.log┋20191231T160010.000000000┋20200101T000010 j
./logs/other/tests/dt-mix1.log┋20191231T160010.000000000┋Jan 01 00:00:11 k
./logs/other/tests/dt-mix1.log┋20191231T160010.000000000┋Jan 01 00:00:12 l
./logs/other/tests/dt-mix1.log┋20191231T160010.000000000┋Jan 01 00:00:13 m
./logs/other/tests/dt-mix1.log┋20191231T160010.000000000┋Jan 01 00:00:14 n
./logs/other/tests/dt-mix1.log┋20191231T160010.000000000┋Jan 01 00:00:15 o
./logs/other/tests/dt-mix1.log┋20191231T160010.000000000┋Jan 01 00:00:17 p
./logs/other/tests/dt-mix1.log┋20191231T160010.000000000┋Jan 01 00:00:18 q
./logs/other/tests/dt-mix1.log┋20191231T160010.000000000┋Jan 01 00:00:19 r
./logs/other/tests/dt-mix1.log┋20191231T160010.000000000┋Jan 01 00:00:20 s
./logs/other/tests/dt-mix1.log┋20191231T160010.000000000┋Jan 01 00:00:21 t
./logs/other/tests/dt-mix1.log┋20191231T160010.000000000┋01-01 00:00:22 u⇳

