./logs/other/tests/dtf10-10b.logâ”‹20220628T012111.000000000â”‹[DEBUG] Tue, Jun 28 2022 01:51:11 +0030
./logs/other/tests/dtf10-10b.logâ”‹20220628T012111.000000000â”‹Baa
â‡³
./logs/other/tests/dtf10-10b.logâ”‹20220628T005112.000000000â”‹[DEBUG] Tue, Jun 28 2022 01:51:12 +0100
./logs/other/tests/dtf10-10b.logâ”‹20220628T005112.000000000â”‹Bar
â‡³
./logs/other/tests/dtf10-10b.logâ”‹20220628T005113.000000000â”‹[VERBOSE] Tue, Jun 28 2022 01:51:13 +0100
./logs/other/tests/dtf10-10b.logâ”‹20220628T005113.000000000â”‹Blah???
â‡³
./logs/other/tests/dtf10-10b.logâ”‹20220627T235114.000000000â”‹[TRACE] Tue, Jun 28 2022 01:51:14 +0200
./logs/other/tests/dtf10-10b.logâ”‹20220627T235114.000000000â”‹Blarg Blarg Blarg
â‡³
./logs/other/tests/dtf10-10b.logâ”‹20220627T232115.000000000â”‹[ERROR] Tue, Jun 28 2022 01:51:15 +0230 Blub!!!
â‡³
./logs/other/tests/dtf10-10b.logâ”‹20220627T225116.000000000â”‹[VERBOSE] Tue, Jun 28 2022 01:51:16 +0300
./logs/other/tests/dtf10-10b.logâ”‹20220627T225116.000000000â”‹Blarb
â‡³
./logs/other/tests/dtf10-10b.logâ”‹20220627T222116.000000000â”‹[VERBOSE] Tue, Jun 28 2022 01:51:16 +0330 Shmoop ðŸ¤”
â‡³
./logs/other/tests/dtf10-10b.logâ”‹20220627T215117.000000000â”‹[VERBOSE] Tue, Jun 28 2022 01:51:17 +0400 Blumb ðŸ˜‡â‡³

