./logs/other/tests/dtf10-10a.log┋20220628T012111.000000000┋Tue, Jun 28 2022 01:51:11 +0030 Baa
⇳
./logs/other/tests/dtf10-10a.log┋20220628T005112.000000000┋Tue, Jun 28 2022 01:51:12 +0100 Bar
⇳
./logs/other/tests/dtf10-10a.log┋20220628T005113.000000000┋Tue, Jun 28 2022 01:51:13 +0100 Blah
⇳
./logs/other/tests/dtf10-10a.log┋20220627T235114.000000000┋Tue, Jun 28 2022 01:51:14 +0200 Blarg
⇳
./logs/other/tests/dtf10-10a.log┋20220627T232115.000000000┋Tue, Jun 28 2022 01:51:15 +0230 Blub
⇳
./logs/other/tests/dtf10-10a.log┋20220627T225116.000000000┋Tue, Jun 28 2022 01:51:16 +0300 Blarb
⇳
./logs/other/tests/dtf10-10a.log┋20220627T222116.000000000┋Tue, Jun 28 2022 01:51:16 +0330 Shmoop
⇳
./logs/other/tests/dtf10-10a.log┋20220627T215117.000000000┋Tue, Jun 28 2022 01:51:17 +0400 Blumb⇳

