./logs/other/tests/dtf11-A.log┋19991231T160000.000000000┋2000-01-01 00:00:00 [dtf11-A]a
⇳
./logs/other/tests/dtf11-A.log┋20000131T160000.000000000┋2000-02-01 00:00:00 [dtf11-A]ab
⇳
./logs/other/tests/dtf11-A.log┋20000229T160000.000000000┋2000-03-01 00:00:00 [dtf11-A]abc
⇳
./logs/other/tests/dtf11-A.log┋20000331T160000.000000000┋2000-04-01 00:00:00 [dtf11-A]abcd
⇳
./logs/other/tests/dtf11-A.log┋20000430T160000.000000000┋2000-05-01 00:00:00 [dtf11-A]abcde
⇳
./logs/other/tests/dtf11-A.log┋20000531T160000.000000000┋2000-06-01 00:00:00 [dtf11-A]abcdef
⇳
./logs/other/tests/dtf11-A.log┋20000630T160000.000000000┋2000-07-01 00:00:00 [dtf11-A]abcdefg
⇳
./logs/other/tests/dtf11-A.log┋20000731T160000.000000000┋2000-08-01 00:00:00 [dtf11-A]abcdefgh
⇳
./logs/other/tests/dtf11-A.log┋20000831T160000.000000000┋2000-09-01 00:00:00 [dtf11-A]abcdefghi
⇳
./logs/other/tests/dtf11-A.log┋20000930T160000.000000000┋2000-10-01 00:00:00 [dtf11-A]abcdefghij
⇳
./logs/other/tests/dtf11-A.log┋20001031T160000.000000000┋2000-11-01 00:00:00 [dtf11-A]abcdefghijk
⇳
./logs/other/tests/dtf11-A.log┋20001130T160000.000000000┋2000-12-01 00:00:00 [dtf11-A]abcdefghijkl
⇳
./logs/other/tests/dtf11-A.log┋20001230T160000.000000000┋2000-12-31 00:00:00 [dtf11-A]abcdefghijklm⇳

