Summary:
Paths total 1, files not processed 1, files processed 0
