./logs/other/tests/dtf3-2b.log┋19991231T160000.002000000┋2000-01-01 00:00:00.002 [dtf3-2b]
./logs/other/tests/dtf3-2b.log┋19991231T160000.002000000┋
⇳
./logs/other/tests/dtf3-2b.log┋19991231T160000.003000000┋2000-01-01 00:00:00.003 [dtf3-2b]a
./logs/other/tests/dtf3-2b.log┋19991231T160000.003000000┋a⇳

