./logs/other/tests/dtf3-1.log┋19991231T160000.000000000┋2000-01-01 00:00:00 [dtf3-1]
⇳
