./logs/other/tests/dtf4-2b.log┋19991231T160002.000000000┋INFO: Sat Jan 01 2000 00:00:02 [dtf4-2b]
./logs/other/tests/dtf4-2b.log┋19991231T160002.000000000┋
⇳
./logs/other/tests/dtf4-2b.log┋19991231T160003.000000000┋INFO: Sat Jan 01 2000 00:00:03 [dtf4-2b]a
⇳
