./logs/other/tests/dtf4-2a.log┋19991231T160000.000000000┋INFO: Sat Jan 01 2000 00:00:00 [dtf4-2a]
⇳
./logs/other/tests/dtf4-2a.log┋19991231T160001.000000000┋INFO: Sat Jan 01 2000 00:00:01 [dtf4-2a]a⇳

