./logs/other/tests/dtf5-6a.log.old┋19991231T160000.000000000┋2000-01-01 00:00:00 [dtf5-6a]
⇳
./logs/other/tests/dtf5-6a.log.old┋19991231T160001.000000000┋2000-01-01 00:00:01 [dtf5-6a]a
⇳
./logs/other/tests/dtf5-6a.log.old┋19991231T160002.000000000┋2000-01-01 00:00:02 [dtf5-6a]ab
⇳
./logs/other/tests/dtf5-6a.log.old┋19991231T160003.000000000┋2000-01-01 00:00:03 [dtf5-6a]abc
⇳
./logs/other/tests/dtf5-6a.log.old┋19991231T160004.000000000┋2000-01-01 00:00:04 [dtf5-6a]abcd
⇳
./logs/other/tests/dtf5-6a.log.old┋19991231T160005.000000000┋2000-01-01 00:00:05 [dtf5-6a]abcde⇳

