./logs/other/tests/dtf5-3-LF-CR.log┋19991231T160000.000000000┋2000-01-01 00:00:00 [dtf5-6a] LF
./logs/other/tests/dtf5-3-LF-CR.log┋19991231T160000.000000000┋second line, first sysline LF
⇳
./logs/other/tests/dtf5-3-LF-CR.log┋19991231T160001.000000000┋2000-01-01 00:00:01 [dtf5-6a] CRfourth line, second sysline CR2000-01-01 00:00:02 [dtf5-6a] LF
./logs/other/tests/dtf5-3-LF-CR.log┋19991231T160001.000000000┋sixth line, third sysline LF
⇳
