./logs/other/tests/dtf5-6c.log┋19991231T160000.000000000┋2000-01-01 00:00:00 [dtf5-6c]6c1
./logs/other/tests/dtf5-6c.log┋19991231T160000.000000000┋6c2
⇳
./logs/other/tests/dtf5-6c.log┋19991231T160001.000000000┋2000-01-01 00:00:01 [dtf5-6c]6c3-a
./logs/other/tests/dtf5-6c.log┋19991231T160001.000000000┋6c4-aa
./logs/other/tests/dtf5-6c.log┋19991231T160001.000000000┋6c5-aaa
⇳
./logs/other/tests/dtf5-6c.log┋19991231T160002.000000000┋2000-01-01 00:00:02 [dtf5-6c]6c6-ab
./logs/other/tests/dtf5-6c.log┋19991231T160002.000000000┋6c7-abab
./logs/other/tests/dtf5-6c.log┋19991231T160002.000000000┋6c8-ababab
⇳
./logs/other/tests/dtf5-6c.log┋19991231T160003.000000000┋2000-01-01 00:00:03 [dtf5-6c]6c9-abc
./logs/other/tests/dtf5-6c.log┋19991231T160003.000000000┋6c10-abcabc
./logs/other/tests/dtf5-6c.log┋19991231T160003.000000000┋6c11-abcabcabc
⇳
./logs/other/tests/dtf5-6c.log┋19991231T160004.000000000┋2000-01-01 00:00:04 [dtf5-6c]6c12-abcd
./logs/other/tests/dtf5-6c.log┋19991231T160004.000000000┋6c13-abcdabcd
./logs/other/tests/dtf5-6c.log┋19991231T160004.000000000┋6c14-abcdabcdabcd
⇳
./logs/other/tests/dtf5-6c.log┋19991231T160005.000000000┋2000-01-01 00:00:05 [dtf5-6c]6c15-abcde
./logs/other/tests/dtf5-6c.log┋19991231T160005.000000000┋6c16-abcdeabcde
./logs/other/tests/dtf5-6c.log┋19991231T160005.000000000┋6c17-abcdeabcdeabcde
⇳
./logs/other/tests/dtf5-6c.log┋19991231T160006.000000000┋2000-01-01 00:00:06 [dtf5-6c]6c18-abcdef
./logs/other/tests/dtf5-6c.log┋19991231T160006.000000000┋6c19-abcdefabcdef
./logs/other/tests/dtf5-6c.log┋19991231T160006.000000000┋6c20-abcdefabcdefabcdef
⇳
./logs/other/tests/dtf5-6c.log┋19991231T160007.000000000┋2000-01-01 00:00:07 [dtf5-6c]6c21-abcdefg
./logs/other/tests/dtf5-6c.log┋19991231T160007.000000000┋6c22-abcdefgabcdefg
./logs/other/tests/dtf5-6c.log┋19991231T160007.000000000┋6c23-abcdefgabcdefgabcdefg
⇳
./logs/other/tests/dtf5-6c.log┋19991231T160008.000000000┋2000-01-01 00:00:08 [dtf5-6c]6c24-abcdefgh
./logs/other/tests/dtf5-6c.log┋19991231T160008.000000000┋6c25-abcdefghabcdefgh
./logs/other/tests/dtf5-6c.log┋19991231T160008.000000000┋6c26-abcdefghabcdefghabcdefgh
⇳
./logs/other/tests/dtf5-6c.log┋19991231T160009.000000000┋2000-01-01 00:00:09 [dtf5-6c]6c27-abcdefghi
./logs/other/tests/dtf5-6c.log┋19991231T160009.000000000┋6c28-abcdefghiabcdefghi
./logs/other/tests/dtf5-6c.log┋19991231T160009.000000000┋6c29-abcdefghiabcdefghiabcdefghi
⇳
./logs/other/tests/dtf5-6c.log┋19991231T160010.000000000┋2000-01-01 00:00:10 [dtf5-6c]6c30-abcdefghij
./logs/other/tests/dtf5-6c.log┋19991231T160010.000000000┋6c31-abcdefghijabcdefghij
./logs/other/tests/dtf5-6c.log┋19991231T160010.000000000┋6c32-abcdefghijabcdefghijabcdefghij⇳

