./logs/other/tests/dtf5-2a.log┋19991231T160000.000000000┋2000-01-01 00:00:00 [dtf5-2a]
⇳
./logs/other/tests/dtf5-2a.log┋19991231T160001.000000000┋2000-01-01 00:00:01 [dtf5-2a]a⇳

