./logs/other/tests/dtf6z-1.log┋20000101T040001.000000000┋2000-01-01 00:00:01 -0400 [dtf6z-1] 1
⇳
./logs/other/tests/dtf6z-1.log┋20000101T040002.000000000┋2000-01-01 00:00:02 -0400 [dtf6z-1] 2
⇳
./logs/other/tests/dtf6z-1.log┋20000101T040003.000000000┋2000-01-01 00:00:03 -0400 [dtf6z-1] 3
⇳
./logs/other/tests/dtf6z-1.log┋20000101T040004.000000000┋2000-01-01 00:00:04 -0400 [dtf6z-1] 4
⇳
./logs/other/tests/dtf6z-1.log┋20000101T040005.000000000┋2000-01-01 00:00:05 -0400 [dtf6z-1] 5⇳

