Summary:
Paths total 2, files not processed 2, files processed 0
