./logs/other/tests/dtf7-20-LEVELS-outoforder.log┋20000101T040001.000000000┋[ERROR] 2000-01-01 00:00:01 -0400 [dtf7-20-LEVELS] 1
⇳
./logs/other/tests/dtf7-20-LEVELS-outoforder.log┋20000101T040002.000000000┋[WARNING] 2000-01-01 00:00:02 -0400 [dtf7-20-LEVELS] 22
⇳
./logs/other/tests/dtf7-20-LEVELS-outoforder.log┋20000101T040003.000000000┋[INFO] 2000-01-01 00:00:03 -0400 [dtf7-20-LEVELS] 333
⇳
./logs/other/tests/dtf7-20-LEVELS-outoforder.log┋20000101T040004.000000000┋[VERBOSE] 2000-01-01 00:00:04 -0400 [dtf7-20-LEVELS] 4444
⇳
./logs/other/tests/dtf7-20-LEVELS-outoforder.log┋20000101T040005.000000000┋[TRACE] 2000-01-01 00:00:05 -0400 [dtf7-20-LEVELS] 55555
⇳
./logs/other/tests/dtf7-20-LEVELS-outoforder.log┋20000101T040006.000000000┋[ERROR] 2000-01-01 00:00:06 -0400 [dtf7-20-LEVELS] 666666
⇳
./logs/other/tests/dtf7-20-LEVELS-outoforder.log┋20000101T040007.000000000┋[WARNING] 2000-01-01 00:00:07 -0400 [dtf7-20-LEVELS] 7777777
⇳
./logs/other/tests/dtf7-20-LEVELS-outoforder.log┋20000101T040008.000000000┋[INFO] 2000-01-01 00:00:08 -0400 [dtf7-20-LEVELS] 88888888
⇳
./logs/other/tests/dtf7-20-LEVELS-outoforder.log┋20000101T040010.000000000┋[TRACE] 2000-01-01 00:00:10 -0400 [dtf7-20-LEVELS] 1010101010
⇳
./logs/other/tests/dtf7-20-LEVELS-outoforder.log┋20000101T040009.000000000┋[VERBOSE] 2000-01-01 00:00:09 -0400 [dtf7-20-LEVELS] 999999999 out of order!
⇳
./logs/other/tests/dtf7-20-LEVELS-outoforder.log┋20000101T040011.000000000┋[ERROR] 2000-01-01 00:00:11 -0400 [dtf7-20-LEVELS] 11111111111
⇳
./logs/other/tests/dtf7-20-LEVELS-outoforder.log┋20000101T040012.000000000┋[WARNING] 2000-01-01 00:00:12 -0400 [dtf7-20-LEVELS] 121212121212
⇳
./logs/other/tests/dtf7-20-LEVELS-outoforder.log┋20000101T040013.000000000┋[INFO] 2000-01-01 00:00:13 -0400 [dtf7-20-LEVELS] 1313131313131
⇳
./logs/other/tests/dtf7-20-LEVELS-outoforder.log┋20000101T040014.000000000┋[VERBOSE] 2000-01-01 00:00:14 -0400 [dtf7-20-LEVELS] 14141414141414
⇳
./logs/other/tests/dtf7-20-LEVELS-outoforder.log┋20000101T040015.000000000┋[TRACE] 2000-01-01 00:00:15 -0400 [dtf7-20-LEVELS] 151515151515151
⇳
./logs/other/tests/dtf7-20-LEVELS-outoforder.log┋20000101T040016.000000000┋[TRACE] 2000-01-01 00:00:16 -0400 [dtf7-20-LEVELS] 1616161616161616
⇳
./logs/other/tests/dtf7-20-LEVELS-outoforder.log┋20000101T040018.000000000┋[WARNING] 2000-01-01 00:00:18 -0400 [dtf7-20-LEVELS] 181818181818181818
⇳
./logs/other/tests/dtf7-20-LEVELS-outoforder.log┋20000101T040017.000000000┋[ERROR] 2000-01-01 00:00:17 -0400 [dtf7-20-LEVELS] 17171717171717171 out of order!
⇳
./logs/other/tests/dtf7-20-LEVELS-outoforder.log┋20000101T040019.000000000┋[INFO] 2000-01-01 00:00:19 -0400 [dtf7-20-LEVELS] 191919191919191919
⇳
./logs/other/tests/dtf7-20-LEVELS-outoforder.log┋20000101T040020.000000000┋[VERBOSE] 2000-01-01 00:00:20 -0400 [dtf7-20-LEVELS] 20202020202020202020
⇳
