./logs/other/tests/dtf8-20-LEVELS.log┋20000101T120001.000000000┋[ERROR] 2000-01-01 00:00:01 -1200 [dtf8-20-LEVELS] -1200 1
⇳
./logs/other/tests/dtf8-20-LEVELS.log┋20000101T113002.000000000┋[WARNING] 2000-01-01 00:00:02 -1130 [dtf8-20-LEVELS] -1130 22
⇳
./logs/other/tests/dtf8-20-LEVELS.log┋20000101T110003.000000000┋[INFO] 2000-01-01 00:00:03 -1100 [dtf8-20-LEVELS] -1100 333
⇳
./logs/other/tests/dtf8-20-LEVELS.log┋20000101T103004.000000000┋[VERBOSE] 2000-01-01 00:00:04 -1030 [dtf8-20-LEVELS] -1030 4444
⇳
./logs/other/tests/dtf8-20-LEVELS.log┋20000101T100005.000000000┋[TRACE] 2000-01-01 00:00:05 -1000 [dtf8-20-LEVELS] -1000 55555
⇳
./logs/other/tests/dtf8-20-LEVELS.log┋20000101T093006.000000000┋[ERROR] 2000-01-01 00:00:06 -0930 [dtf8-20-LEVELS] -0930 666666
⇳
./logs/other/tests/dtf8-20-LEVELS.log┋20000101T090007.000000000┋[WARNING] 2000-01-01 00:00:07 -0900 [dtf8-20-LEVELS] -0900 7777777
⇳
./logs/other/tests/dtf8-20-LEVELS.log┋20000101T083008.000000000┋[INFO] 2000-01-01 00:00:08 -0830 [dtf8-20-LEVELS] -0830 88888888
⇳
./logs/other/tests/dtf8-20-LEVELS.log┋20000101T080009.000000000┋[VERBOSE] 2000-01-01 00:00:09 -0800 [dtf8-20-LEVELS] -0800 999999999
⇳
./logs/other/tests/dtf8-20-LEVELS.log┋20000101T073010.000000000┋[TRACE] 2000-01-01 00:00:10 -0730 [dtf8-20-LEVELS] -0730 1010101010
⇳
./logs/other/tests/dtf8-20-LEVELS.log┋20000101T070011.000000000┋[ERROR] 2000-01-01 00:00:11 -0700 [dtf8-20-LEVELS] -0700 11111111111
⇳
./logs/other/tests/dtf8-20-LEVELS.log┋20000101T063012.000000000┋[WARNING] 2000-01-01 00:00:12 -0630 [dtf8-20-LEVELS] -0630 121212121212
⇳
./logs/other/tests/dtf8-20-LEVELS.log┋20000101T053013.000000000┋[INFO] 2000-01-01 00:00:13 -0530 [dtf8-20-LEVELS] -0530 1313131313131
⇳
./logs/other/tests/dtf8-20-LEVELS.log┋20000101T050014.000000000┋[VERBOSE] 2000-01-01 00:00:14 -0500 [dtf8-20-LEVELS] -0500 14141414141414
⇳
./logs/other/tests/dtf8-20-LEVELS.log┋20000101T043015.000000000┋[TRACE] 2000-01-01 00:00:15 -0430 [dtf8-20-LEVELS] -0430 151515151515151
⇳
./logs/other/tests/dtf8-20-LEVELS.log┋20000101T040016.000000000┋[TRACE] 2000-01-01 00:00:16 -0400 [dtf8-20-LEVELS] -0400 1616161616161616
⇳
./logs/other/tests/dtf8-20-LEVELS.log┋20000101T033017.000000000┋[ERROR] 2000-01-01 00:00:17 -0330 [dtf8-20-LEVELS] -0330 17171717171717171
⇳
./logs/other/tests/dtf8-20-LEVELS.log┋20000101T030018.000000000┋[WARNING] 2000-01-01 00:00:18 -0300 [dtf8-20-LEVELS] -0300 181818181818181818
⇳
./logs/other/tests/dtf8-20-LEVELS.log┋20000101T023019.000000000┋[INFO] 2000-01-01 00:00:19 -0230 [dtf8-20-LEVELS] -0230 191919191919191919
⇳
./logs/other/tests/dtf8-20-LEVELS.log┋20000101T020020.000000000┋[VERBOSE] 2000-01-01 00:00:20 -0200 [dtf8-20-LEVELS] -0200 20202020202020202020⇳

