./logs/other/tests/dtf9a-2.log┋20220716T160011.000000000┋Jul 17 00:00:11 hostname1 00 0123456789abcdefghijklmnopqrstuvwxyzABCDEFGHIJKLMNOPQRSTUVWZYZÀÁÂÃÄÅÆÇÈÉÊËÌÍÎÏÐÑÒÓÔÕÖ×ØÙÚÛÜÝÞßàáâãäåæçèéêëìíîïðñòóôõö÷øùúûüýþÿ ⚀⚁⚂⚃⚄⚅
⇳
./logs/other/tests/dtf9a-2.log┋20220716T160012.000000000┋Jul 17 00:00:12 hostname1 01 123456789abcdefghijklmnopqrstuvwxyzABCDEFGHIJKLMNOPQRSTUVWZYZÀÁÂÃÄÅÆÇÈÉÊËÌÍÎÏÐÑÒÓÔÕÖ×ØÙÚÛÜÝÞßàáâãäåæçèéêëìíîïðñòóôõö÷øùúûüýþÿ0 ⚀⚁⚂⚃⚄⚅
⇳
