./logs/other/tests/dtf9d-12x3-37.log┋20010101T080000.000000000┋Dec 31 23:00:00 HDT 0
⇳
./logs/other/tests/dtf9d-12x3-37.log┋20010101T100000.000000000┋Jan 1 01:00:00 HDT 1
./logs/other/tests/dtf9d-12x3-37.log┋20010101T100000.000000000┋Feb 29 02:00:00 HDT 2
⇳
./logs/other/tests/dtf9d-12x3-37.log┋20010303T120000.000000000┋Mar 3 03:00:00 HDT 3
⇳
./logs/other/tests/dtf9d-12x3-37.log┋20010404T130000.000000000┋Apr 4 04:00:00 HDT 4
⇳
./logs/other/tests/dtf9d-12x3-37.log┋20010505T140000.000000000┋May 5 05:00:00 HDT 5
⇳
./logs/other/tests/dtf9d-12x3-37.log┋20010606T150000.000000000┋Jun 6 06:00:00 HDT 6
⇳
./logs/other/tests/dtf9d-12x3-37.log┋20010707T160000.000000000┋Jul 7 07:00:00 HDT 7
⇳
./logs/other/tests/dtf9d-12x3-37.log┋20010808T170000.000000000┋Aug 8 08:00:00 HDT 8
⇳
./logs/other/tests/dtf9d-12x3-37.log┋20010909T180000.000000000┋Sep 9 09:00:00 HDT 9
⇳
./logs/other/tests/dtf9d-12x3-37.log┋20011010T190000.000000000┋Oct 10 10:00:00 HDT 10
⇳
./logs/other/tests/dtf9d-12x3-37.log┋20011111T200000.000000000┋Nov 11 11:00:00 HDT 11
⇳
./logs/other/tests/dtf9d-12x3-37.log┋20020101T080000.000000000┋Dec 31 23:00:00 HDT 12
⇳
./logs/other/tests/dtf9d-12x3-37.log┋20020101T100000.000000000┋Jan 1 01:00:00 HDT 13
⇳
./logs/other/tests/dtf9d-12x3-37.log┋20020228T110000.000000000┋Feb 28 02:00:00 HDT 14
⇳
./logs/other/tests/dtf9d-12x3-37.log┋20020303T120000.000000000┋Mar 3 03:00:00 HDT 15
⇳
./logs/other/tests/dtf9d-12x3-37.log┋20020404T130000.000000000┋Apr 4 04:00:00 HDT 16
⇳
./logs/other/tests/dtf9d-12x3-37.log┋20020505T140000.000000000┋May 5 05:00:00 HDT 17
⇳
./logs/other/tests/dtf9d-12x3-37.log┋20020606T150000.000000000┋Jun 6 06:00:00 HDT 18
⇳
./logs/other/tests/dtf9d-12x3-37.log┋20020707T160000.000000000┋Jul 7 07:00:00 HDT 19
⇳
./logs/other/tests/dtf9d-12x3-37.log┋20020808T170000.000000000┋Aug 8 08:00:00 HDT 20
⇳
./logs/other/tests/dtf9d-12x3-37.log┋20020909T180000.000000000┋Sep 9 09:00:00 HDT 21
⇳
./logs/other/tests/dtf9d-12x3-37.log┋20021010T190000.000000000┋Oct 10 10:00:00 HDT 22
⇳
./logs/other/tests/dtf9d-12x3-37.log┋20021111T200000.000000000┋Nov 11 11:00:00 HDT 23
⇳
./logs/other/tests/dtf9d-12x3-37.log┋20030101T080000.000000000┋Dec 31 23:00:00 HDT 24
⇳
./logs/other/tests/dtf9d-12x3-37.log┋20030101T100000.000000000┋Jan 1 01:00:00 HDT 25
⇳
./logs/other/tests/dtf9d-12x3-37.log┋20030228T110000.000000000┋Feb 28 02:00:00 HDT 26
⇳
./logs/other/tests/dtf9d-12x3-37.log┋20030303T120000.000000000┋Mar 3 03:00:00 HDT 27
⇳
./logs/other/tests/dtf9d-12x3-37.log┋20030404T130000.000000000┋Apr 4 04:00:00 HDT 28
⇳
./logs/other/tests/dtf9d-12x3-37.log┋20030505T140000.000000000┋May 5 05:00:00 HDT 29
⇳
./logs/other/tests/dtf9d-12x3-37.log┋20030606T150000.000000000┋Jun 6 06:00:00 HDT 30
⇳
./logs/other/tests/dtf9d-12x3-37.log┋20030707T160000.000000000┋Jul 7 07:00:00 HDT 31
⇳
./logs/other/tests/dtf9d-12x3-37.log┋20030808T170000.000000000┋Aug 8 08:00:00 HDT 32
⇳
./logs/other/tests/dtf9d-12x3-37.log┋20030909T180000.000000000┋Sep 9 09:00:00 HDT 33
⇳
./logs/other/tests/dtf9d-12x3-37.log┋20031010T190000.000000000┋Oct 10 10:00:00 HDT 34
⇳
./logs/other/tests/dtf9d-12x3-37.log┋20031111T200000.000000000┋Nov 11 11:00:00 HDT 35
⇳
./logs/other/tests/dtf9d-12x3-37.log┋20040101T080000.000000000┋Dec 31 23:00:00 HDT 36
⇳
./logs/other/tests/dtf9d-12x3-37.log┋20040101T100000.000000000┋Jan 1 01:00:00 HDT 37
⇳
