./logs/other/tests/dtf9c-12x2.log.tar|dtf9c-12x2.log┋20091231T170000.000000000┋Jan 1 01:00:00 0
./logs/other/tests/dtf9c-12x2.log.tar|dtf9c-12x2.log┋20091231T170000.000000000┋Feb 29 02:00:00 1
⇳
./logs/other/tests/dtf9c-12x2.log.tar|dtf9c-12x2.log┋20100302T190000.000000000┋Mar 3 03:00:00 2
⇳
./logs/other/tests/dtf9c-12x2.log.tar|dtf9c-12x2.log┋20100403T200000.000000000┋Apr 4 04:00:00 3
⇳
./logs/other/tests/dtf9c-12x2.log.tar|dtf9c-12x2.log┋20100504T210000.000000000┋May 5 05:00:00 4
⇳
./logs/other/tests/dtf9c-12x2.log.tar|dtf9c-12x2.log┋20100605T220000.000000000┋Jun 6 06:00:00 5
⇳
./logs/other/tests/dtf9c-12x2.log.tar|dtf9c-12x2.log┋20100706T230000.000000000┋Jul 7 07:00:00 6
⇳
./logs/other/tests/dtf9c-12x2.log.tar|dtf9c-12x2.log┋20100808T000000.000000000┋Aug 8 08:00:00 7
⇳
./logs/other/tests/dtf9c-12x2.log.tar|dtf9c-12x2.log┋20100909T010000.000000000┋Sep 9 09:00:00 8
⇳
./logs/other/tests/dtf9c-12x2.log.tar|dtf9c-12x2.log┋20101010T020000.000000000┋Oct 10 10:00:00 9
⇳
./logs/other/tests/dtf9c-12x2.log.tar|dtf9c-12x2.log┋20101111T030000.000000000┋Nov 11 11:00:00 10
⇳
./logs/other/tests/dtf9c-12x2.log.tar|dtf9c-12x2.log┋20101212T040000.000000000┋Dec 12 12:00:00 11
⇳
./logs/other/tests/dtf9c-12x2.log.tar|dtf9c-12x2.log┋20101231T170000.000000000┋Jan 1 01:00:00 12
⇳
./logs/other/tests/dtf9c-12x2.log.tar|dtf9c-12x2.log┋20110227T180000.000000000┋Feb 28 02:00:00 13
⇳
./logs/other/tests/dtf9c-12x2.log.tar|dtf9c-12x2.log┋20110302T190000.000000000┋Mar 3 03:00:00 14
⇳
./logs/other/tests/dtf9c-12x2.log.tar|dtf9c-12x2.log┋20110403T200000.000000000┋Apr 4 04:00:00 15
⇳
./logs/other/tests/dtf9c-12x2.log.tar|dtf9c-12x2.log┋20110504T210000.000000000┋May 5 05:00:00 16
⇳
./logs/other/tests/dtf9c-12x2.log.tar|dtf9c-12x2.log┋20110605T220000.000000000┋Jun 6 06:00:00 17
⇳
./logs/other/tests/dtf9c-12x2.log.tar|dtf9c-12x2.log┋20110706T230000.000000000┋Jul 7 07:00:00 18
⇳
./logs/other/tests/dtf9c-12x2.log.tar|dtf9c-12x2.log┋20110808T000000.000000000┋Aug 8 08:00:00 19
⇳
./logs/other/tests/dtf9c-12x2.log.tar|dtf9c-12x2.log┋20110909T010000.000000000┋Sep 9 09:00:00 20
⇳
./logs/other/tests/dtf9c-12x2.log.tar|dtf9c-12x2.log┋20111010T020000.000000000┋Oct 10 10:00:00 21
⇳
./logs/other/tests/dtf9c-12x2.log.tar|dtf9c-12x2.log┋20111111T030000.000000000┋Nov 11 11:00:00 22
⇳
./logs/other/tests/dtf9c-12x2.log.tar|dtf9c-12x2.log┋20111212T040000.000000000┋Dec 12 12:00:00 23
./logs/other/tests/dtf9c-12x2.log.tar|dtf9c-12x2.log┋20111212T040000.000000000┋
⇳
