./logs/other/tests/dtf9d-24-12x2-backwards.log┋20011212T210000.000000000┋Dec 12 12:00:00 HDT 0
⇳
./logs/other/tests/dtf9d-24-12x2-backwards.log┋20021111T200000.000000000┋Nov 11 11:00:00 HDT 1
⇳
./logs/other/tests/dtf9d-24-12x2-backwards.log┋20031010T190000.000000000┋Oct 10 10:00:00 HDT 2
⇳
./logs/other/tests/dtf9d-24-12x2-backwards.log┋20040909T180000.000000000┋Sep 9 09:00:00 HDT 3
⇳
./logs/other/tests/dtf9d-24-12x2-backwards.log┋20050808T170000.000000000┋Aug 8 08:00:00 HDT 4
⇳
./logs/other/tests/dtf9d-24-12x2-backwards.log┋20060707T160000.000000000┋Jul 7 07:00:00 HDT 5
⇳
./logs/other/tests/dtf9d-24-12x2-backwards.log┋20070606T150000.000000000┋Jun 6 06:00:00 HDT 6
⇳
./logs/other/tests/dtf9d-24-12x2-backwards.log┋20080505T140000.000000000┋May 5 05:00:00 HDT 7
⇳
./logs/other/tests/dtf9d-24-12x2-backwards.log┋20090404T130000.000000000┋Apr 4 04:00:00 HDT 8
⇳
./logs/other/tests/dtf9d-24-12x2-backwards.log┋20100303T120000.000000000┋Mar 3 03:00:00 HDT 9
⇳
./logs/other/tests/dtf9d-24-12x2-backwards.log┋20110228T110000.000000000┋Feb 28 02:00:00 HDT 10
⇳
./logs/other/tests/dtf9d-24-12x2-backwards.log┋20120101T100000.000000000┋Jan 1 01:00:00 HDT 11
⇳
./logs/other/tests/dtf9d-24-12x2-backwards.log┋20121212T210000.000000000┋Dec 12 12:00:00 HDT 12
⇳
./logs/other/tests/dtf9d-24-12x2-backwards.log┋20131111T200000.000000000┋Nov 11 11:00:00 HDT 13
⇳
./logs/other/tests/dtf9d-24-12x2-backwards.log┋20141010T190000.000000000┋Oct 10 10:00:00 HDT 14
⇳
./logs/other/tests/dtf9d-24-12x2-backwards.log┋20150909T180000.000000000┋Sep 9 09:00:00 HDT 15
⇳
./logs/other/tests/dtf9d-24-12x2-backwards.log┋20160808T170000.000000000┋Aug 8 08:00:00 HDT 16
⇳
./logs/other/tests/dtf9d-24-12x2-backwards.log┋20170707T160000.000000000┋Jul 7 07:00:00 HDT 17
⇳
./logs/other/tests/dtf9d-24-12x2-backwards.log┋20180606T150000.000000000┋Jun 6 06:00:00 HDT 18
⇳
./logs/other/tests/dtf9d-24-12x2-backwards.log┋20190505T140000.000000000┋May 5 05:00:00 HDT 19
⇳
./logs/other/tests/dtf9d-24-12x2-backwards.log┋20200404T130000.000000000┋Apr 4 04:00:00 HDT 20
⇳
./logs/other/tests/dtf9d-24-12x2-backwards.log┋20210303T120000.000000000┋Mar 3 03:00:00 HDT 21
./logs/other/tests/dtf9d-24-12x2-backwards.log┋20210303T120000.000000000┋Feb 29 02:00:00 HDT 22
⇳
./logs/other/tests/dtf9d-24-12x2-backwards.log┋20220101T100000.000000000┋Jan 1 01:00:00 HDT 23
⇳
