./logs/other/tests/dtf9d-54-12x3-closeyearend-leapday.log┋19990303T050000.000000000┋Mar 3 03:00:00 FNT 38
⇳
./logs/other/tests/dtf9d-54-12x3-closeyearend-leapday.log┋19990404T060000.000000000┋Apr 4 04:00:00 FNT 39
⇳
./logs/other/tests/dtf9d-54-12x3-closeyearend-leapday.log┋19990505T070000.000000000┋May 5 05:00:00 FNT 40
⇳
./logs/other/tests/dtf9d-54-12x3-closeyearend-leapday.log┋19990606T080000.000000000┋Jun 6 06:00:00 FNT 41
⇳
./logs/other/tests/dtf9d-54-12x3-closeyearend-leapday.log┋19990707T090000.000000000┋Jul 7 07:00:00 FNT 42
⇳
./logs/other/tests/dtf9d-54-12x3-closeyearend-leapday.log┋19990808T100000.000000000┋Aug 8 08:00:00 FNT 43
⇳
./logs/other/tests/dtf9d-54-12x3-closeyearend-leapday.log┋19990909T110000.000000000┋Sep 9 09:00:00 FNT 44
⇳
./logs/other/tests/dtf9d-54-12x3-closeyearend-leapday.log┋19991010T120000.000000000┋Oct 10 10:00:00 FNT 45
⇳
./logs/other/tests/dtf9d-54-12x3-closeyearend-leapday.log┋19991111T130000.000000000┋Nov 11 11:00:00 FNT 46
⇳
./logs/other/tests/dtf9d-54-12x3-closeyearend-leapday.log┋19991231T030000.000000000┋Dec 31 01:00:00 FNT 47
⇳
./logs/other/tests/dtf9d-54-12x3-closeyearend-leapday.log┋20000101T010000.000000000┋Dec 31 23:00:00 FNT 48
⇳
./logs/other/tests/dtf9d-54-12x3-closeyearend-leapday.log┋20000101T010000.000000000┋Dec 31 23:00:00 FNT 49
⇳
./logs/other/tests/dtf9d-54-12x3-closeyearend-leapday.log┋20000101T015959.000000000┋Dec 31 23:59:59 FNT 50
⇳
./logs/other/tests/dtf9d-54-12x3-closeyearend-leapday.log┋20000101T020000.000000000┋Jan 1 00:00:00 FNT 51
⇳
./logs/other/tests/dtf9d-54-12x3-closeyearend-leapday.log┋20000101T030000.000000000┋Jan 1 01:00:00 FNT 52
⇳
./logs/other/tests/dtf9d-54-12x3-closeyearend-leapday.log┋20000101T180000.000000000┋Jan 1 16:00:00 FNT 53
⇳
