./logs/other/tests/dtf9c-23-12x2.log┋20161231T170000.000000000┋Jan 1 01:00:00 0
./logs/other/tests/dtf9c-23-12x2.log┋20161231T170000.000000000┋Feb 29 02:00:00 1
⇳
./logs/other/tests/dtf9c-23-12x2.log┋20170302T190000.000000000┋Mar 3 03:00:00 2
⇳
./logs/other/tests/dtf9c-23-12x2.log┋20170403T200000.000000000┋Apr 4 04:00:00 3
⇳
./logs/other/tests/dtf9c-23-12x2.log┋20170504T210000.000000000┋May 5 05:00:00 4
⇳
./logs/other/tests/dtf9c-23-12x2.log┋20170605T220000.000000000┋Jun 6 06:00:00 5
⇳
./logs/other/tests/dtf9c-23-12x2.log┋20170706T230000.000000000┋Jul 7 07:00:00 6
⇳
./logs/other/tests/dtf9c-23-12x2.log┋20170808T000000.000000000┋Aug 8 08:00:00 7
⇳
./logs/other/tests/dtf9c-23-12x2.log┋20170909T010000.000000000┋Sep 9 09:00:00 8
⇳
./logs/other/tests/dtf9c-23-12x2.log┋20171010T020000.000000000┋Oct 10 10:00:00 9
⇳
./logs/other/tests/dtf9c-23-12x2.log┋20171111T030000.000000000┋Nov 11 11:00:00 10
⇳
./logs/other/tests/dtf9c-23-12x2.log┋20171212T040000.000000000┋Dec 12 12:00:00 11
⇳
./logs/other/tests/dtf9c-23-12x2.log┋20171231T170000.000000000┋Jan 1 01:00:00 12
⇳
./logs/other/tests/dtf9c-23-12x2.log┋20180227T180000.000000000┋Feb 28 02:00:00 13
⇳
./logs/other/tests/dtf9c-23-12x2.log┋20180302T190000.000000000┋Mar 3 03:00:00 14
⇳
./logs/other/tests/dtf9c-23-12x2.log┋20180403T200000.000000000┋Apr 4 04:00:00 15
⇳
./logs/other/tests/dtf9c-23-12x2.log┋20180504T210000.000000000┋May 5 05:00:00 16
⇳
./logs/other/tests/dtf9c-23-12x2.log┋20180605T220000.000000000┋Jun 6 06:00:00 17
⇳
./logs/other/tests/dtf9c-23-12x2.log┋20180706T230000.000000000┋Jul 7 07:00:00 18
⇳
./logs/other/tests/dtf9c-23-12x2.log┋20180808T000000.000000000┋Aug 8 08:00:00 19
⇳
./logs/other/tests/dtf9c-23-12x2.log┋20180909T010000.000000000┋Sep 9 09:00:00 20
⇳
./logs/other/tests/dtf9c-23-12x2.log┋20181010T020000.000000000┋Oct 10 10:00:00 21
⇳
./logs/other/tests/dtf9c-23-12x2.log┋20181111T030000.000000000┋Nov 11 11:00:00 22
⇳
./logs/other/tests/dtf9c-23-12x2.log┋20181212T040000.000000000┋Dec 12 12:00:00 23
./logs/other/tests/dtf9c-23-12x2.log┋20181212T040000.000000000┋
⇳
