./logs/other/tests/invalid3.log┋19991231T160000.000000000┋20000101T000000 this line has two invalid utf8 char �� <- there
⇳
./logs/other/tests/invalid3.log┋19991231T160001.000000000┋20000101T000001 this line has valid utf8 char⇳

