./logs/other/tests/invalid4.log┋19991231T160000.000000000┋�20000101T000000 beginning of this line has invalid utf8 char
⇳
./logs/other/tests/invalid4.log┋19991231T160001.000000000┋20000101T000001 this line has valid utf8 char⇳

