./logs/other/tests/simple-12.log┋20010102T170924.000000000┋200110310924⇳

