./logs/other/tests/simple-16.log┋20011031T012457.000000000┋20011031092457 a⇳

